{"type":"content","path":"path/to/file","repository":"org/repo","chunkMatches":[{"content":"foo bar foo","contentStart":{"offset":0,"line":4,"column":0},"ranges":[{"start":{"offset":0,"line":0,"column":0},"end":{"offset":3,"line":0,"column":0}},{"start":{"offset":0,"line":0,"column":0},"end":{"offset":3,"line":0,"column":0}},{"start":{"offset":1,"line":0,"column":0},"end":{"offset":2,"line":0,"column":0}},{"start":{"offset":1,"line":0,"column":0},"end":{"offset":3,"line":0,"column":0}},{"start":{"offset":8,"line":0,"column":0},"end":{"offset":11,"line":0,"column":0}}]}]}
{"type":"repo","repository":"sourcegraph/sourcegraph"}
{"type":"symbol","path":"path/to/file","repository":"org/repo","symbols":[{"url":"github.com/sourcegraph/sourcegraph/-/blob/cmd/frontend/graphqlbackend/search_results.go#L1591:26-1591:35","name":"doResults","containerName":"","kind":"FUNCTION"},{"url":"github.com/sourcegraph/sourcegraph/-/blob/cmd/frontend/graphqlbackend/search_results.go#L1591:26-1591:35","name":"Results","containerName":"SearchResultsResolver","kind":"FIELD"}]}
{"type":"commit","icon":"","label":"[sourcegraph/sourcegraph-atom](/github.com/sourcegraph/sourcegraph-atom) › [Stephen Gutekanst](/github.com/sourcegraph/sourcegraph-atom/-/commit/5b098d7fed963d88e23057ed99d73d3c7a33ad89): [all: release v1.0.5](/github.com/sourcegraph/sourcegraph-atom/-/commit/5b098d7fed963d88e23057ed99d73d3c7a33ad89)^","url":"","detail":"","content":"```COMMIT_EDITMSG\nfoo bar\n```","ranges":[[1,3,3]]}
{"type":"commit","icon":"","label":"[sourcegraph/sourcegraph-atom](/github.com/sourcegraph/sourcegraph-atom) › [Stephen Gutekanst](/github.com/sourcegraph/sourcegraph-atom/-/commit/5b098d7fed963d88e23057ed99d73d3c7a33ad89): [all: release v1.0.5](/github.com/sourcegraph/sourcegraph-atom/-/commit/5b098d7fed963d88e23057ed99d73d3c7a33ad89)^","url":"","detail":"","content":"```diff\nsrc/data.ts src/data.ts\n@@ -0,0 +11,4 @@\n+    return of\u003cData\u003e({\n+        title: 'Acme Corp open-source code search',\n+        summary: 'Instant code search across all Acme Corp open-source code.',\n+        githubOrgs: ['sourcegraph'],\n```","ranges":[[4,44,6]]}
